// Jest Snapshot v1, https://goo.gl/fbAQLP

exports[`Navigation editor allows creation of a menu when there are existing menus 1`] = `"<!-- wp:menu /-->"`;

exports[`Navigation editor allows creation of a menu when there are no current menu items 1`] = `
"<!-- wp:menu -->
<!-- wp:menu-item {\\"label\\":\\"My page\\",\\"type\\":\\"page\\",\\"id\\":1,\\"url\\":\\"https://example.com/1\\"} /-->
<!-- /wp:menu -->"
`;

exports[`Navigation editor displays the first menu from the REST response when at least one menu exists 1`] = `
"<!-- wp:menu -->
<!-- wp:menu-item {\\"label\\":\\"Home\\",\\"type\\":\\"custom\\",\\"url\\":\\"http://localhost:8889/\\",\\"kind\\":\\"custom\\"} /-->

<!-- wp:menu-item {\\"label\\":\\"Accusamus quo repellat illum magnam quas\\",\\"type\\":\\"page\\",\\"id\\":41,\\"url\\":\\"http://localhost:8889/?page_id=41\\",\\"kind\\":\\"post-type\\"} /-->

<!-- wp:menu-item {\\"label\\":\\"Est ea vero non nihil officiis in\\",\\"type\\":\\"page\\",\\"id\\":53,\\"url\\":\\"http://localhost:8889/?page_id=53\\",\\"kind\\":\\"post-type\\"} /-->

<!-- wp:menu-item {\\"label\\":\\"Nulla omnis autem dolores eligendi\\",\\"type\\":\\"page\\",\\"id\\":43,\\"url\\":\\"http://localhost:8889/?page_id=43\\",\\"kind\\":\\"post-type\\"} /-->

<!-- wp:menu-item {\\"label\\":\\"Sample Page\\",\\"type\\":\\"page\\",\\"id\\":2,\\"url\\":\\"http://localhost:8889/?page_id=2\\",\\"kind\\":\\"post-type\\"} /-->

<!-- wp:menu-item {\\"label\\":\\"Beatae qui labore voluptas eveniet officia quia voluptas qui porro sequi et aut est\\",\\"type\\":\\"category\\",\\"description\\":\\"Ratione nemo ut aut ullam sed assumenda quis est exercitationem\\",\\"id\\":7,\\"url\\":\\"http://localhost:8889/?cat=7\\",\\"kind\\":\\"taxonomy\\"} /-->

<!-- wp:menu-item {\\"label\\":\\"WordPress.org\\",\\"type\\":\\"custom\\",\\"url\\":\\"https://wordpress.org\\",\\"kind\\":\\"custom\\"} /-->
<!-- /wp:menu -->"
`;
