<!-- wp:deprecated-node-matcher -->
<blockquote class="wp-block-deprecated-node-matcher"><p>test</p><br/></blockquote>
<!-- /wp:deprecated-node-matcher -->