// Jest Snapshot v1, https://goo.gl/fbAQLP

exports[`transforms matches snapshot 1`] = `
Object {
  "to": Array [
    Object {
      "blocks": Array [
        "core/calendar",
      ],
      "isMatch": [Function],
      "transform": [Function],
      "type": "block",
    },
    Object {
      "blocks": Array [
        "core/search",
      ],
      "isMatch": [Function],
      "transform": [Function],
      "type": "block",
    },
    Object {
      "blocks": Array [
        "core/html",
      ],
      "isMatch": [Function],
      "transform": [Function],
      "type": "block",
    },
    Object {
      "blocks": Array [
        "core/archives",
      ],
      "isMatch": [Function],
      "transform": [Function],
      "type": "block",
    },
    Object {
      "blocks": Array [
        "core/latest-posts",
      ],
      "isMatch": [Function],
      "transform": [Function],
      "type": "block",
    },
    Object {
      "blocks": Array [
        "core/latest-comments",
      ],
      "isMatch": [Function],
      "transform": [Function],
      "type": "block",
    },
    Object {
      "blocks": Array [
        "core/tag-cloud",
      ],
      "isMatch": [Function],
      "transform": [Function],
      "type": "block",
    },
    Object {
      "blocks": Array [
        "core/categories",
      ],
      "isMatch": [Function],
      "transform": [Function],
      "type": "block",
    },
    Object {
      "blocks": Array [
        "core/audio",
      ],
      "isMatch": [Function],
      "transform": [Function],
      "type": "block",
    },
    Object {
      "blocks": Array [
        "core/video",
      ],
      "isMatch": [Function],
      "transform": [Function],
      "type": "block",
    },
    Object {
      "blocks": Array [
        "core/image",
      ],
      "isMatch": [Function],
      "transform": [Function],
      "type": "block",
    },
    Object {
      "blocks": Array [
        "core/gallery",
      ],
      "isMatch": [Function],
      "transform": [Function],
      "type": "block",
    },
    Object {
      "blocks": Array [
        "core/rss",
      ],
      "isMatch": [Function],
      "transform": [Function],
      "type": "block",
    },
  ],
}
`;
