// Jest Snapshot v1, https://goo.gl/fbAQLP

exports[`Navigation Shows the quick inserter when the block contains non-navigation specific blocks 1`] = `
"<!-- wp:navigation -->
<!-- wp:navigation-link {\\"label\\":\\"WP\\",\\"url\\":\\"https://wordpress.org\\",\\"kind\\":\\"custom\\",\\"isTopLevelLink\\":true} /-->

<!-- wp:site-title /-->

<!-- wp:navigation-link {\\"label\\":\\"WP News\\",\\"url\\":\\"https://wordpress.org/news/\\",\\"kind\\":\\"custom\\",\\"isTopLevelLink\\":true} /-->
<!-- /wp:navigation -->"
`;

exports[`Navigation allows an empty navigation block to be created and manually populated using a mixture of internal and external links 1`] = `"<nav class=\\"wp-block-navigation\\"><ul class=\\"wp-block-navigation__container\\"><li class=\\" wp-block-navigation-item wp-block-navigation-link\\"><a class=\\"wp-block-navigation-item__content\\"  href=\\"https://wordpress.org\\"><span class=\\"wp-block-navigation-item__label\\">WP</span></a></li></ul></nav>"`;

exports[`Navigation allows pages to be created from the navigation block and their links added to menu 1`] = `
"<!-- wp:navigation -->
<!-- wp:navigation-link {\\"label\\":\\"A really long page name that will not exist\\",\\"type\\":\\"page\\",\\"id\\":1,\\"url\\":\\"https://this/is/a/test/create/page/my-new-page\\",\\"kind\\":\\"post-type\\",\\"isTopLevelLink\\":true} /-->
<!-- /wp:navigation -->"
`;

exports[`Navigation encodes URL when create block if needed 1`] = `
"<!-- wp:navigation -->
<!-- wp:navigation-link {\\"label\\":\\"wordpress.org/шеллы\\",\\"url\\":\\"https://wordpress.org/%D1%88%D0%B5%D0%BB%D0%BB%D1%8B\\",\\"kind\\":\\"custom\\",\\"isTopLevelLink\\":true} /-->

<!-- wp:navigation-link {\\"label\\":\\"お問い合わせ\\",\\"type\\":\\"page\\",\\"id\\":1,\\"url\\":\\"https://this/is/a/test/search/%E3%81%8A%E5%95%8F%E3%81%84%E5%90%88%E3%82%8F%E3%81%9B\\",\\"kind\\":\\"post-type\\",\\"isTopLevelLink\\":true} /-->
<!-- /wp:navigation -->"
`;

exports[`Navigation placeholder allows a navigation block to be created from existing menus 1`] = `"<nav class=\\"wp-block-navigation\\"><ul class=\\"wp-block-navigation__container\\"><li class=\\" wp-block-navigation-item wp-block-navigation-link\\"><a class=\\"wp-block-navigation-item__content\\"  href=\\"http://localhost:8889/\\"><span class=\\"wp-block-navigation-item__label\\">Home</span></a></li><li class=\\" wp-block-navigation-item has-child open-on-hover-click wp-block-navigation-submenu\\"><a class=\\"wp-block-navigation-item__content\\" href=\\"http://localhost:8889/?page_id=[number]\\">About</a><button class=\\"wp-block-navigation__submenu-icon wp-block-navigation-submenu__toggle\\" aria-expanded=\\"false\\"><svg xmlns=\\"http://www.w3.org/2000/svg\\" width=\\"12\\" height=\\"12\\" viewBox=\\"0 0 12 12\\" fill=\\"none\\" role=\\"img\\" aria-hidden=\\"true\\" focusable=\\"false\\"><path d=\\"M1.50002 4L6.00002 8L10.5 4\\" stroke-width=\\"1.5\\"></path></svg></button><ul class=\\"wp-block-navigation__submenu-container\\"><li class=\\" wp-block-navigation-item wp-block-navigation-link\\"><a class=\\"wp-block-navigation-item__content\\"  href=\\"http://localhost:8889/?page_id=[number]\\"><span class=\\"wp-block-navigation-item__label\\">Our team</span></a></li></ul></li><li class=\\" wp-block-navigation-item has-child open-on-hover-click wp-block-navigation-submenu\\"><a class=\\"wp-block-navigation-item__content\\" href=\\"http://localhost:8889/?page_id=[number]\\">Shop</a><button class=\\"wp-block-navigation__submenu-icon wp-block-navigation-submenu__toggle\\" aria-expanded=\\"false\\"><svg xmlns=\\"http://www.w3.org/2000/svg\\" width=\\"12\\" height=\\"12\\" viewBox=\\"0 0 12 12\\" fill=\\"none\\" role=\\"img\\" aria-hidden=\\"true\\" focusable=\\"false\\"><path d=\\"M1.50002 4L6.00002 8L10.5 4\\" stroke-width=\\"1.5\\"></path></svg></button><ul class=\\"wp-block-navigation__submenu-container\\"><li class=\\" wp-block-navigation-item has-child open-on-hover-click wp-block-navigation-submenu\\"><a class=\\"wp-block-navigation-item__content\\" href=\\"http://localhost:8889/?page_id=[number]\\">Winter apparel</a><button class=\\"wp-block-navigation__submenu-icon wp-block-navigation-submenu__toggle\\" aria-expanded=\\"false\\"><svg xmlns=\\"http://www.w3.org/2000/svg\\" width=\\"12\\" height=\\"12\\" viewBox=\\"0 0 12 12\\" fill=\\"none\\" role=\\"img\\" aria-hidden=\\"true\\" focusable=\\"false\\"><path d=\\"M1.50002 4L6.00002 8L10.5 4\\" stroke-width=\\"1.5\\"></path></svg></button><ul class=\\"wp-block-navigation__submenu-container\\"><li class=\\" wp-block-navigation-item wp-block-navigation-link\\"><a class=\\"wp-block-navigation-item__content\\"  href=\\"http://localhost:8889/?page_id=[number]\\"><span class=\\"wp-block-navigation-item__label\\">Chunky socks</span></a></li><li class=\\" wp-block-navigation-item wp-block-navigation-link\\"><a class=\\"wp-block-navigation-item__content\\"  href=\\"http://localhost:8889/?page_id=[number]\\"><span class=\\"wp-block-navigation-item__label\\">Hideous hats</span></a></li><li class=\\" wp-block-navigation-item wp-block-navigation-link\\"><a class=\\"wp-block-navigation-item__content\\"  href=\\"http://localhost:8889/?page_id=[number]\\"><span class=\\"wp-block-navigation-item__label\\">Glorious gloves</span></a></li><li class=\\" wp-block-navigation-item wp-block-navigation-link\\"><a class=\\"wp-block-navigation-item__content\\"  href=\\"http://localhost:8889/?page_id=[number]\\"><span class=\\"wp-block-navigation-item__label\\">Jazzy Jumpers</span></a></li></ul></li></ul></li><li class=\\" wp-block-navigation-item wp-block-navigation-link\\"><a class=\\"wp-block-navigation-item__content\\"  href=\\"http://localhost:8889/?page_id=[number]\\"><span class=\\"wp-block-navigation-item__label\\">Shipping</span></a></li><li class=\\" wp-block-navigation-item wp-block-navigation-link\\"><a class=\\"wp-block-navigation-item__content\\"  href=\\"http://localhost:8889/?page_id=[number]\\"><span class=\\"wp-block-navigation-item__label\\">Contact Us</span></a></li><li class=\\" wp-block-navigation-item has-child open-on-hover-click wp-block-navigation-submenu\\"><a class=\\"wp-block-navigation-item__content\\" href=\\"https://wordpress.org\\">WordPress.org</a><button class=\\"wp-block-navigation__submenu-icon wp-block-navigation-submenu__toggle\\" aria-expanded=\\"false\\"><svg xmlns=\\"http://www.w3.org/2000/svg\\" width=\\"12\\" height=\\"12\\" viewBox=\\"0 0 12 12\\" fill=\\"none\\" role=\\"img\\" aria-hidden=\\"true\\" focusable=\\"false\\"><path d=\\"M1.50002 4L6.00002 8L10.5 4\\" stroke-width=\\"1.5\\"></path></svg></button><ul class=\\"wp-block-navigation__submenu-container\\"><li class=\\" wp-block-navigation-item wp-block-navigation-link\\"><a class=\\"wp-block-navigation-item__content\\"  href=\\"https://google.com\\"><span class=\\"wp-block-navigation-item__label\\">Google</span></a></li></ul></li></ul></nav>"`;

exports[`Navigation placeholder allows a navigation block to be created using existing pages 1`] = `"<nav class=\\"wp-block-navigation\\"><ul class=\\"wp-block-page-list\\"><li class=\\"wp-block-pages-list__item wp-block-navigation-item\\"><a class=\\"wp-block-pages-list__item__link wp-block-navigation-item__content \\"href=\\"http://localhost:8889/?page_id=[number]\\">About</a></li><li class=\\"wp-block-pages-list__item wp-block-navigation-item\\"><a class=\\"wp-block-pages-list__item__link wp-block-navigation-item__content \\"href=\\"http://localhost:8889/?page_id=[number]\\">Contact Us</a></li><li class=\\"wp-block-pages-list__item wp-block-navigation-item\\"><a class=\\"wp-block-pages-list__item__link wp-block-navigation-item__content \\"href=\\"http://localhost:8889/?page_id=[number]\\">FAQ</a></li></ul></nav>"`;

exports[`Navigation placeholder creates an empty navigation block when the selected existing menu is also empty 1`] = `""`;
