// Jest Snapshot v1, https://goo.gl/fbAQLP

exports[`Gallery block transformations to Columns block 1`] = `
"<!-- wp:columns -->
<div class="wp-block-columns"><!-- wp:column {"width":"100%"} -->
<div class="wp-block-column" style="flex-basis:100%"><!-- wp:gallery {"columns":8,"linkTo":"none","className":"alignfull"} -->
<figure class="wp-block-gallery has-nested-images columns-8 is-cropped alignfull"><!-- wp:image {"sizeSlug":"large","linkDestination":"none"} -->
<figure class="wp-block-image size-large"><img src="https://wordpress.org/gutenberg/files/2018/07/Block-Icon.png" alt="" aria-describedby="wp-image-caption-383k3k3g3j1q1f1f3n3f3i343g3i353j3j1e3f3i371f373l3k353e32353i371f36393c353j1f1i1g1h1o1f1g1n1f223c3f333b1d29333f3e1e3g3e37"/><figcaption class="wp-element-caption" id="wp-image-caption-383k3k3g3j1q1f1f3n3f3i343g3i353j3j1e3f3i371f373l3k353e32353i371f36393c353j1f1i1g1h1o1f1g1n1f223c3f333b1d29333f3e1e3g3e37">Paragraph</figcaption></figure>
<!-- /wp:image -->

<!-- wp:image {"sizeSlug":"large","linkDestination":"none"} -->
<figure class="wp-block-image size-large"><img src="https://wordpress.org/gutenberg/files/2018/07/Block-Icon-Heading.png" alt="" aria-describedby="wp-image-caption-383k3k3g3j1q1f1f3n3f3i343g3i353j3j1e3f3i371f373l3k353e32353i371f36393c353j1f1i1g1h1o1f1g1n1f223c3f333b1d29333f3e1d28353134393e371e3g3e37"/><figcaption class="wp-element-caption" id="wp-image-caption-383k3k3g3j1q1f1f3n3f3i343g3i353j3j1e3f3i371f373l3k353e32353i371f36393c353j1f1i1g1h1o1f1g1n1f223c3f333b1d29333f3e1d28353134393e371e3g3e37">Heading</figcaption></figure>
<!-- /wp:image -->

<!-- wp:image {"sizeSlug":"large","linkDestination":"none"} -->
<figure class="wp-block-image size-large"><img src="https://wordpress.org/gutenberg/files/2018/07/Block-Icon-Subheading.png" alt="" aria-describedby="wp-image-caption-383k3k3g3j1q1f1f3n3f3i343g3i353j3j1e3f3i371f373l3k353e32353i371f36393c353j1f1i1g1h1o1f1g1n1f223c3f333b1d29333f3e1d2j3l3238353134393e371e3g3e37"/><figcaption class="wp-element-caption" id="wp-image-caption-383k3k3g3j1q1f1f3n3f3i343g3i353j3j1e3f3i371f373l3k353e32353i371f36393c353j1f1i1g1h1o1f1g1n1f223c3f333b1d29333f3e1d2j3l3238353134393e371e3g3e37">Subheading</figcaption></figure>
<!-- /wp:image --></figure>
<!-- /wp:gallery --></div>
<!-- /wp:column --></div>
<!-- /wp:columns -->"
`;

exports[`Gallery block transformations to Group block 1`] = `
"<!-- wp:group {"layout":{"type":"constrained"}} -->
<div class="wp-block-group"><!-- wp:gallery {"columns":8,"linkTo":"none","className":"alignfull"} -->
<figure class="wp-block-gallery has-nested-images columns-8 is-cropped alignfull"><!-- wp:image {"sizeSlug":"large","linkDestination":"none"} -->
<figure class="wp-block-image size-large"><img src="https://wordpress.org/gutenberg/files/2018/07/Block-Icon.png" alt=""/><figcaption class="wp-element-caption">Paragraph</figcaption></figure>
<!-- /wp:image -->

<!-- wp:image {"sizeSlug":"large","linkDestination":"none"} -->
<figure class="wp-block-image size-large"><img src="https://wordpress.org/gutenberg/files/2018/07/Block-Icon-Heading.png" alt=""/><figcaption class="wp-element-caption">Heading</figcaption></figure>
<!-- /wp:image -->

<!-- wp:image {"sizeSlug":"large","linkDestination":"none"} -->
<figure class="wp-block-image size-large"><img src="https://wordpress.org/gutenberg/files/2018/07/Block-Icon-Subheading.png" alt=""/><figcaption class="wp-element-caption">Subheading</figcaption></figure>
<!-- /wp:image --></figure>
<!-- /wp:gallery --></div>
<!-- /wp:group -->"
`;

exports[`Gallery block transformations to Image block 1`] = `
"<!-- wp:image {"sizeSlug":"large","linkDestination":"none"} -->
<figure class="wp-block-image size-large"><img src="https://wordpress.org/gutenberg/files/2018/07/Block-Icon.png" alt="" aria-describedby="wp-image-caption-383k3k3g3j1q1f1f3n3f3i343g3i353j3j1e3f3i371f373l3k353e32353i371f36393c353j1f1i1g1h1o1f1g1n1f223c3f333b1d29333f3e1e3g3e37"/><figcaption class="wp-element-caption" id="wp-image-caption-383k3k3g3j1q1f1f3n3f3i343g3i353j3j1e3f3i371f373l3k353e32353i371f36393c353j1f1i1g1h1o1f1g1n1f223c3f333b1d29333f3e1e3g3e37">Paragraph</figcaption></figure>
<!-- /wp:image -->

<!-- wp:image {"sizeSlug":"large","linkDestination":"none"} -->
<figure class="wp-block-image size-large"><img src="https://wordpress.org/gutenberg/files/2018/07/Block-Icon-Heading.png" alt="" aria-describedby="wp-image-caption-383k3k3g3j1q1f1f3n3f3i343g3i353j3j1e3f3i371f373l3k353e32353i371f36393c353j1f1i1g1h1o1f1g1n1f223c3f333b1d29333f3e1d28353134393e371e3g3e37"/><figcaption class="wp-element-caption" id="wp-image-caption-383k3k3g3j1q1f1f3n3f3i343g3i353j3j1e3f3i371f373l3k353e32353i371f36393c353j1f1i1g1h1o1f1g1n1f223c3f333b1d29333f3e1d28353134393e371e3g3e37">Heading</figcaption></figure>
<!-- /wp:image -->

<!-- wp:image {"sizeSlug":"large","linkDestination":"none"} -->
<figure class="wp-block-image size-large"><img src="https://wordpress.org/gutenberg/files/2018/07/Block-Icon-Subheading.png" alt="" aria-describedby="wp-image-caption-383k3k3g3j1q1f1f3n3f3i343g3i353j3j1e3f3i371f373l3k353e32353i371f36393c353j1f1i1g1h1o1f1g1n1f223c3f333b1d29333f3e1d2j3l3238353134393e371e3g3e37"/><figcaption class="wp-element-caption" id="wp-image-caption-383k3k3g3j1q1f1f3n3f3i343g3i353j3j1e3f3i371f373l3k353e32353i371f36393c353j1f1i1g1h1o1f1g1n1f223c3f333b1d29333f3e1d2j3l3238353134393e371e3g3e37">Subheading</figcaption></figure>
<!-- /wp:image -->"
`;
